../Core/Src/main.c:68:1:__io_putchar	16	static
../Core/Src/main.c:74:5:_write	32	static
../Core/Src/main.c:96:5:main	104	static
../Core/Src/main.c:178:6:SystemClock_Config	88	static
../Core/Src/main.c:224:13:MX_USART1_UART_Init	8	static
../Core/Src/main.c:257:13:MX_GPIO_Init	48	static
../Core/Src/main.c:291:6:StartDefaultTask	24	static
../Core/Src/main.c:322:13:StartLED1Task	16	static
../Core/Src/main.c:343:13:StartLED2Task	16	static
../Core/Src/main.c:365:6:HAL_TIM_PeriodElapsedCallback	16	static
../Core/Src/main.c:382:6:Error_Handler	4	static,ignoring_inline_asm
