../Core/Src/stm32f4xx_it.c:81:6:NMI_Handler	4	static
../Core/Src/stm32f4xx_it.c:96:6:HardFault_Handler	4	static
../Core/Src/stm32f4xx_it.c:111:6:MemManage_Handler	4	static
../Core/Src/stm32f4xx_it.c:126:6:BusFault_Handler	4	static
../Core/Src/stm32f4xx_it.c:141:6:UsageFault_Handler	4	static
../Core/Src/stm32f4xx_it.c:156:6:DebugMon_Handler	4	static
../Core/Src/stm32f4xx_it.c:176:6:TIM1_UP_TIM10_IRQHandler	8	static
../Core/Src/stm32f4xx_it.c:190:6:USART1_IRQHandler	24	static
../Core/Src/stm32f4xx_it.c:222:6:TIM6_DAC_IRQHandler	8	static
../Core/Src/stm32f4xx_it.c:236:6:TIM7_IRQHandler	8	static
../Core/Src/stm32f4xx_it.c:250:6:DMA2_Stream2_IRQHandler	8	static
../Core/Src/stm32f4xx_it.c:264:6:DMA2_Stream7_IRQHandler	8	static
